// Jest Snapshot v1, https://goo.gl/fbAQLP

exports[`<Clock /> when given minutes and seconds (TestRender) renders properly 1`] = `
<h2
  className="Clock "
>
  Remains 
  10
  :
  20
</h2>
`;
